* KOAN 2951 3-way demo — both woofers (W1+W2) summed, 45° horizontal, mic 1 m
* Koan 2951 - woofers W1+W2 complex gesommeerd, hor 45 graden
* bron: ARTA gated 5.021 ms, ref time 2.5 ms - GELDIG BOVEN ~400 Hz
* source: woofer_pair_hor_45.frd (ARTA export, 13640 pts, 20.51–20000 Hz), resampled to a 500-pt log grid 20.5–20000 Hz (dB + unwrapped phase in log-f, then re-wrapped)
Freq[Hz]     dBSPL  Phase[Deg]
20.508  130.301  136.096
20.793  130.226  135.551
21.081  130.150  135.007
21.374  130.075  134.463
21.671  130.000  133.918
21.972  129.924  133.374
22.277  129.863  132.806
22.587  129.802  132.238
22.900  129.741  131.670
23.218  129.680  131.102
23.541  129.623  130.527
23.868  129.574  129.936
24.199  129.525  129.346
24.535  129.476  128.756
24.876  129.428  128.165
25.222  129.390  127.556
25.572  129.354  126.945
25.927  129.318  126.334
26.287  129.282  125.723
26.652  129.255  125.097
27.022  129.230  124.467
27.398  129.206  123.837
27.778  129.181  123.207
28.164  129.164  122.561
28.555  129.148  121.913
28.952  129.131  121.264
29.354  129.116  120.614
29.761  129.108  119.949
30.175  129.100  119.284
30.594  129.092  118.619
31.019  129.089  117.944
31.450  129.089  117.263
31.886  129.090  116.582
32.329  129.092  115.898
32.778  129.099  115.202
33.233  129.107  114.507
33.695  129.114  113.811
34.163  129.128  113.101
34.637  129.142  112.391
35.119  129.155  111.681
35.606  129.174  110.959
36.101  129.194  110.236
36.602  129.214  109.513
37.111  129.238  108.778
37.626  129.262  108.043
38.148  129.287  107.306
38.678  129.317  106.558
39.215  129.346  105.810
39.760  129.377  105.058
40.312  129.410  104.299
40.872  129.444  103.540
41.440  129.479  102.773
42.015  129.516  102.002
42.599  129.553  101.230
43.191  129.595  100.449
43.790  129.637  99.668
44.399  129.681  98.879
45.015  129.725  98.088
45.640  129.770  97.293
46.274  129.817  96.492
46.917  129.864  95.690
47.569  129.916  94.879
48.229  129.967  94.067
48.899  130.021  93.248
49.578  130.075  92.428
50.267  130.130  91.601
50.965  130.185  90.771
51.673  130.241  89.936
52.390  130.297  89.096
53.118  130.354  88.252
53.856  130.413  87.404
54.604  130.473  86.551
55.362  130.533  85.693
56.131  130.594  84.831
56.911  130.657  83.964
57.701  130.720  83.092
58.502  130.784  82.216
59.315  130.849  81.333
60.139  130.914  80.448
60.974  130.979  79.556
61.821  131.044  78.660
62.679  131.110  77.759
63.550  131.177  76.852
64.432  131.245  75.942
65.327  131.313  75.023
66.235  131.382  74.102
67.154  131.451  73.174
68.087  131.520  72.240
69.033  131.588  71.302
69.991  131.657  70.358
70.964  131.728  69.407
71.949  131.799  68.452
72.948  131.870  67.490
73.962  131.942  66.522
74.989  132.013  65.549
76.030  132.084  64.569
77.086  132.156  63.582
78.157  132.228  62.590
79.242  132.299  61.592
80.343  132.372  60.586
81.459  132.445  59.574
82.590  132.518  58.555
83.737  132.591  57.530
84.900  132.663  56.498
86.079  132.736  55.458
87.275  132.807  54.412
88.487  132.879  53.358
89.716  132.950  52.297
90.962  133.021  51.229
92.225  133.091  50.154
93.506  133.161  49.070
94.805  133.229  47.978
96.121  133.296  46.879
97.456  133.361  45.772
98.810  133.427  44.657
100.182  133.495  43.533
101.573  133.568  42.402
102.984  133.644  41.262
104.414  133.718  40.114
105.865  133.790  38.957
107.335  133.857  37.792
108.826  133.922  36.618
110.337  133.986  35.434
111.869  134.049  34.242
113.423  134.112  33.041
114.998  134.175  31.831
116.596  134.237  30.612
118.215  134.299  29.384
119.857  134.361  28.146
121.521  134.424  26.899
123.209  134.487  25.642
124.920  134.545  24.376
126.655  134.593  23.100
128.414  134.630  21.815
130.198  134.663  20.521
132.006  134.694  19.216
133.839  134.721  17.902
135.698  134.745  16.578
137.583  134.766  15.246
139.494  134.786  13.902
141.431  134.808  12.550
143.395  134.839  11.188
145.387  134.872  9.816
147.406  134.902  8.435
149.453  134.933  7.046
151.529  134.966  5.646
153.633  135.000  4.238
155.767  135.031  2.821
157.930  135.060  1.395
160.124  135.085  -0.040
162.348  135.106  -1.482
164.602  135.125  -2.932
166.889  135.141  -4.390
169.206  135.159  -5.856
171.556  135.176  -7.328
173.939  135.190  -8.807
176.355  135.201  -10.291
178.804  135.207  -11.781
181.287  135.208  -13.276
183.805  135.204  -14.775
186.358  135.197  -16.278
188.946  135.185  -17.784
191.570  135.164  -19.291
194.231  135.139  -20.800
196.929  135.110  -22.309
199.664  135.077  -23.816
202.437  135.040  -25.321
205.248  134.999  -26.823
208.099  134.954  -28.319
210.989  134.905  -29.808
213.919  134.851  -31.291
216.890  134.792  -32.761
219.903  134.730  -34.221
222.957  134.663  -35.666
226.053  134.593  -37.095
229.193  134.520  -38.504
232.376  134.442  -39.893
235.603  134.360  -41.257
238.875  134.270  -42.594
242.193  134.173  -43.900
245.557  134.072  -45.171
248.967  133.968  -46.409
252.425  133.857  -47.603
255.931  133.741  -48.754
259.485  133.622  -49.855
263.089  133.501  -50.906
266.743  133.384  -51.902
270.447  133.275  -52.839
274.204  133.168  -53.715
278.012  133.065  -54.527
281.873  132.965  -55.274
285.788  132.877  -55.957
289.757  132.796  -56.569
293.781  132.723  -57.119
297.861  132.658  -57.605
301.998  132.603  -58.034
306.192  132.560  -58.414
310.445  132.530  -58.750
314.757  132.515  -59.052
319.128  132.512  -59.333
323.560  132.524  -59.604
328.054  132.554  -59.885
332.610  132.602  -60.186
337.230  132.669  -60.528
341.913  132.753  -60.922
346.662  132.854  -61.383
351.477  132.970  -61.925
356.358  133.101  -62.565
361.307  133.246  -63.306
366.325  133.400  -64.162
371.413  133.564  -65.140
376.571  133.734  -66.240
381.801  133.908  -67.471
387.104  134.084  -68.827
392.480  134.262  -70.315
397.931  134.440  -71.929
403.458  134.618  -73.667
409.061  134.792  -75.527
414.742  134.961  -77.502
420.503  135.124  -79.589
426.343  135.280  -81.781
432.264  135.428  -84.076
438.267  135.566  -86.463
444.354  135.694  -88.938
450.526  135.814  -91.494
456.783  135.923  -94.125
463.127  136.020  -96.824
469.559  136.105  -99.582
476.080  136.174  -102.394
482.692  136.227  -105.253
489.396  136.266  -108.149
496.193  136.292  -111.077
503.085  136.305  -114.027
510.072  136.303  -116.993
517.156  136.289  -119.966
524.338  136.262  -122.936
531.621  136.226  -125.897
539.004  136.184  -128.842
546.490  136.132  -131.759
554.080  136.071  -134.647
561.775  136.003  -137.494
569.577  135.932  -140.297
577.488  135.856  -143.052
585.508  135.779  -145.757
593.640  135.701  -148.411
601.885  135.627  -151.014
610.244  135.558  -153.579
618.719  135.496  -156.106
627.313  135.443  -158.611
636.025  135.402  -161.109
644.858  135.375  -163.611
653.814  135.360  -166.141
662.895  135.358  -168.717
672.101  135.366  -171.361
681.436  135.382  -174.088
690.900  135.407  -176.920
700.496  135.439  -179.868
710.224  135.476  177.057
720.088  135.508  173.845
730.089  135.541  170.493
740.229  135.571  166.995
750.510  135.597  163.360
760.933  135.620  159.583
771.501  135.633  155.671
782.216  135.637  151.635
793.080  135.628  147.476
804.095  135.605  143.205
815.262  135.567  138.821
826.585  135.516  134.334
838.065  135.450  129.746
849.705  135.369  125.049
861.506  135.271  120.252
873.471  135.158  115.342
885.602  135.028  110.313
897.901  134.883  105.155
910.372  134.722  99.866
923.016  134.537  94.425
935.835  134.324  88.829
948.832  134.079  83.071
962.010  133.796  77.140
975.371  133.467  71.047
988.917  133.083  64.793
1002.652  132.633  58.403
1016.577  132.105  51.908
1030.696  131.485  45.341
1045.010  130.754  38.795
1059.524  129.894  32.374
1074.239  128.874  26.251
1089.159  127.668  20.702
1104.285  126.243  16.192
1119.622  124.571  13.519
1135.172  122.681  14.062
1150.938  120.789  19.869
1166.923  119.552  31.948
1183.129  119.713  45.845
1199.561  120.974  54.538
1216.221  122.500  56.658
1233.113  123.857  54.161
1250.239  124.935  48.820
1267.603  125.731  41.723
1285.208  126.265  33.498
1303.057  126.561  24.538
1321.155  126.634  15.100
1339.504  126.493  5.363
1358.107  126.138  -4.516
1376.969  125.573  -14.395
1396.093  124.789  -24.137
1415.483  123.772  -33.593
1435.142  122.500  -42.574
1455.074  120.941  -50.835
1475.282  119.038  -57.991
1495.772  116.703  -63.385
1516.546  113.775  -65.621
1537.608  110.040  -60.903
1558.963  105.941  -38.105
1580.615  105.937  3.977
1602.567  109.549  24.954
1624.824  112.694  29.530
1647.391  115.094  27.861
1670.270  116.966  23.341
1693.468  118.455  17.172
1716.988  119.643  9.984
1740.834  120.578  2.143
1765.011  121.294  -6.038
1789.525  121.822  -14.333
1814.378  122.190  -22.532
1839.577  122.432  -30.489
1865.126  122.582  -38.115
1891.030  122.670  -45.385
1917.293  122.726  -52.324
1943.922  122.761  -58.974
1970.920  122.788  -65.380
1998.293  122.817  -71.536
2026.046  122.869  -77.438
2054.185  122.966  -83.117
2082.714  123.138  -88.720
2111.640  123.407  -94.509
2140.967  123.773  -100.827
2170.702  124.199  -107.967
2200.850  124.633  -116.077
2231.416  125.025  -125.129
2262.407  125.334  -134.964
2293.829  125.535  -145.358
2325.686  125.618  -156.060
2357.986  125.584  -166.815
2390.735  125.446  -177.394
2423.939  125.236  172.370
2457.604  125.009  162.542
2491.736  124.820  153.005
2526.342  124.703  143.417
2561.429  124.661  133.297
2597.004  124.662  122.199
2633.072  124.634  109.912
2669.641  124.504  96.520
2706.719  124.225  82.344
2744.311  123.791  67.819
2782.425  123.251  53.312
2821.069  122.706  38.870
2860.249  122.267  23.983
2899.973  121.984  7.646
2940.250  121.824  -11.156
2981.085  121.714  -32.945
3022.488  121.617  -57.641
3064.466  121.564  -84.671
3107.026  121.633  -113.096
3150.178  121.883  -141.831
3193.929  122.320  -170.002
3238.288  122.888  162.774
3283.263  123.493  136.420
3328.862  124.014  110.695
3375.095  124.336  85.449
3421.970  124.357  60.754
3469.496  124.012  36.953
3517.682  123.252  14.721
3566.537  122.073  -4.770
3616.071  120.633  -19.898
3666.292  119.408  -29.743
3717.212  118.946  -37.125
3768.838  119.091  -47.003
3821.181  119.194  -60.082
3874.252  118.989  -73.277
3928.059  118.885  -84.275
3982.614  119.442  -96.184
4037.926  120.294  -114.567
4094.007  120.524  -140.256
4150.866  119.392  -171.229
4208.515  115.920  154.089
4266.965  105.806  112.756
4326.227  108.299  -88.161
4386.311  115.816  -127.411
4447.230  118.109  -161.772
4508.996  118.100  168.714
4571.619  116.754  148.900
4635.111  116.077  142.486
4699.486  117.699  132.849
4764.755  119.408  108.750
4830.930  119.771  76.264
4898.024  118.433  40.757
4966.050  115.099  6.319
5035.021  109.361  -22.052
5104.949  100.234  -48.350
5175.849  99.928  166.413
5247.734  111.022  120.038
5320.617  116.111  81.750
5394.512  118.386  44.906
5469.434  118.819  12.610
5545.396  118.250  -11.197
5622.413  118.044  -25.658
5700.499  119.146  -39.230
5779.670  120.773  -59.308
5859.941  122.070  -84.610
5941.327  122.874  -112.313
6023.843  123.238  -141.562
6107.505  122.968  -171.932
6192.328  121.856  160.077
6278.330  120.618  139.286
6365.527  120.384  120.038
6453.934  120.167  95.719
6543.569  119.466  72.865
6634.449  119.251  50.771
6726.592  118.776  23.945
6820.014  117.498  -0.097
6914.733  116.658  -21.122
7010.768  115.089  -44.408
7108.137  113.263  -44.394
7206.858  117.863  -52.066
7306.950  121.309  -94.094
7408.433  121.734  -141.969
7511.324  120.814  -175.788
7615.645  123.118  153.154
7721.415  125.625  98.606
7828.653  126.069  37.401
7937.381  125.790  -17.203
8047.619  126.798  -70.853
8159.388  127.909  -135.117
8272.710  127.309  153.901
8387.605  123.692  83.296
8504.096  113.319  43.027
8622.204  118.145  74.785
8741.954  122.003  15.481
8863.366  121.648  -45.382
8986.464  119.168  -98.885
9111.273  115.701  -140.012
9237.814  113.032  -170.802
9366.113  111.197  161.494
9496.194  111.541  130.144
9628.082  110.783  74.426
9761.801  104.512  26.085
9897.377  103.022  16.081
10034.837  101.119  -46.336
10174.205  94.573  -135.466
10315.509  99.087  63.706
10458.776  101.140  -52.361
10604.032  87.887  129.230
10751.306  99.390  -49.511
10900.625  93.848  -120.177
11052.018  100.319  -103.377
11205.513  103.237  -177.607
11361.141  102.962  128.999
11518.929  102.465  63.570
11678.910  99.842  10.899
11841.112  97.869  -57.027
12005.567  93.605  -91.369
12172.305  97.857  -174.507
12341.360  95.686  82.352
12512.763  95.649  11.980
12686.546  94.074  -81.501
12862.742  94.388  -100.708
13041.386  98.249  156.046
13222.511  92.024  63.031
13406.151  89.041  42.898
13592.342  92.797  -50.301
13781.119  86.210  -141.700
13972.517  91.858  -179.839
14166.574  91.262  78.226
14363.326  90.035  32.329
14562.810  93.126  -9.078
14765.065  93.790  -108.119
14970.129  89.606  -152.460
15178.042  85.305  -169.936
15388.841  90.610  171.039
15602.569  96.596  74.219
15819.264  94.506  -12.769
16038.969  92.185  -105.339
16261.726  88.173  155.978
16487.576  93.204  62.962
16716.564  89.714  -48.686
16948.731  92.745  -139.842
17184.123  91.935  121.162
17422.784  88.817  -18.408
17664.759  88.233  108.449
17910.096  89.078  -12.403
18158.839  89.773  -165.675
18411.038  86.320  26.846
18666.739  88.732  20.534
18925.991  94.278  -133.060
19188.844  90.471  61.887
19455.348  92.554  150.829
19725.552  99.230  17.079
19999.510  91.770  -113.837
