* KOAN 2951 3-way demo — both woofers (W1+W2) summed, 0° horizontal, mic 1 m
* Koan 2951 - woofers W1+W2 complex gesommeerd, hor 0 graden
* bron: ARTA gated 5.021 ms, ref time 2.5 ms - GELDIG BOVEN ~400 Hz
* source: woofer_pair_hor_0.frd (ARTA export, 13640 pts, 20.51–20000 Hz), resampled to a 500-pt log grid 20.5–20000 Hz (dB + unwrapped phase in log-f, then re-wrapped)
Freq[Hz]     dBSPL  Phase[Deg]
20.508  130.022  135.397
20.793  129.949  134.850
21.081  129.875  134.303
21.374  129.802  133.756
21.671  129.728  133.209
21.972  129.655  132.662
22.277  129.595  132.092
22.587  129.536  131.522
22.900  129.477  130.952
23.218  129.418  130.382
23.541  129.362  129.806
23.868  129.316  129.214
24.199  129.270  128.623
24.535  129.223  128.032
24.876  129.177  127.441
25.222  129.142  126.832
25.572  129.107  126.221
25.927  129.073  125.610
26.287  129.039  124.999
26.652  129.014  124.373
27.022  128.992  123.744
27.398  128.970  123.114
27.778  128.948  122.485
28.164  128.932  121.841
28.555  128.918  121.195
28.952  128.904  120.548
29.354  128.891  119.900
29.761  128.886  119.237
30.175  128.880  118.575
30.594  128.875  117.912
31.019  128.874  117.241
31.450  128.877  116.564
31.886  128.879  115.887
32.329  128.884  115.206
32.778  128.894  114.515
33.233  128.903  113.824
33.695  128.913  113.132
34.163  128.930  112.428
34.637  128.946  111.724
35.119  128.962  111.019
35.606  128.984  110.303
36.101  129.006  109.587
36.602  129.028  108.870
37.111  129.055  108.141
37.626  129.082  107.413
38.148  129.109  106.683
38.678  129.141  105.943
39.215  129.173  105.203
39.760  129.207  104.459
40.312  129.243  103.709
40.872  129.278  102.958
41.440  129.317  102.200
42.015  129.356  101.439
42.599  129.396  100.676
43.191  129.440  99.905
43.790  129.484  99.134
44.399  129.531  98.356
45.015  129.578  97.575
45.640  129.625  96.791
46.274  129.675  96.002
46.917  129.725  95.211
47.569  129.779  94.412
48.229  129.833  93.613
48.899  129.889  92.806
49.578  129.945  91.997
50.267  130.003  91.183
50.965  130.060  90.367
51.673  130.119  89.545
52.390  130.178  88.719
53.118  130.238  87.889
53.856  130.299  87.054
54.604  130.361  86.215
55.362  130.423  85.373
56.131  130.487  84.525
56.911  130.552  83.674
57.701  130.618  82.816
58.502  130.685  81.956
59.315  130.752  81.089
60.139  130.819  80.220
60.974  130.887  79.344
61.821  130.954  78.465
62.679  131.023  77.580
63.550  131.092  76.690
64.432  131.163  75.797
65.327  131.234  74.896
66.235  131.305  73.991
67.154  131.376  73.082
68.087  131.447  72.166
69.033  131.519  71.246
69.991  131.591  70.320
70.964  131.663  69.388
71.949  131.737  68.453
72.948  131.811  67.510
73.962  131.886  66.561
74.989  131.960  65.607
76.030  132.034  64.648
77.086  132.108  63.681
78.157  132.182  62.708
79.242  132.256  61.731
80.343  132.332  60.745
81.459  132.408  59.754
82.590  132.483  58.756
83.737  132.559  57.753
84.900  132.634  56.742
86.079  132.709  55.725
87.275  132.784  54.700
88.487  132.858  53.668
89.716  132.932  52.630
90.962  133.006  51.585
92.225  133.080  50.532
93.506  133.152  49.471
94.805  133.224  48.403
96.121  133.294  47.327
97.456  133.363  46.244
98.810  133.432  45.153
100.182  133.504  44.055
101.573  133.580  42.948
102.984  133.659  41.833
104.414  133.737  40.710
105.865  133.812  39.578
107.335  133.884  38.439
108.826  133.952  37.290
110.337  134.020  36.134
111.869  134.087  34.968
113.423  134.154  33.794
114.998  134.222  32.611
116.596  134.288  31.419
118.215  134.354  30.219
119.857  134.421  29.009
121.521  134.489  27.791
123.209  134.556  26.563
124.920  134.619  25.326
126.655  134.672  24.079
128.414  134.715  22.824
130.198  134.752  21.559
132.006  134.789  20.286
133.839  134.822  19.002
135.698  134.852  17.709
137.583  134.879  16.408
139.494  134.904  15.097
141.431  134.934  13.776
143.395  134.971  12.447
145.387  135.010  11.109
147.406  135.048  9.761
149.453  135.086  8.406
151.529  135.127  7.039
153.633  135.168  5.665
155.767  135.208  4.283
157.930  135.245  2.893
160.124  135.278  1.494
162.348  135.309  0.087
164.602  135.337  -1.327
166.889  135.363  -2.749
169.206  135.390  -4.178
171.556  135.417  -5.613
173.939  135.443  -7.055
176.355  135.465  -8.502
178.804  135.483  -9.956
181.287  135.496  -11.413
183.805  135.505  -12.875
186.358  135.511  -14.341
188.946  135.512  -15.810
191.570  135.507  -17.281
194.231  135.497  -18.753
196.929  135.484  -20.226
199.664  135.467  -21.698
202.437  135.448  -23.170
205.248  135.425  -24.638
208.099  135.398  -26.103
210.989  135.369  -27.563
213.919  135.335  -29.018
216.890  135.299  -30.463
219.903  135.259  -31.899
222.957  135.215  -33.326
226.053  135.170  -34.738
229.193  135.122  -36.137
232.376  135.072  -37.519
235.603  135.018  -38.883
238.875  134.957  -40.224
242.193  134.891  -41.545
245.557  134.822  -42.840
248.967  134.751  -44.108
252.425  134.675  -45.344
255.931  134.594  -46.551
259.485  134.511  -47.722
263.089  134.428  -48.856
266.743  134.350  -49.953
270.447  134.280  -51.009
274.204  134.213  -52.025
278.012  134.148  -52.998
281.873  134.088  -53.928
285.788  134.039  -54.815
289.757  133.996  -55.662
293.781  133.959  -56.465
297.861  133.928  -57.235
301.998  133.904  -57.969
306.192  133.888  -58.672
310.445  133.881  -59.352
314.757  133.887  -60.016
319.128  133.898  -60.671
323.560  133.919  -61.321
328.054  133.953  -61.984
332.610  133.999  -62.666
337.230  134.059  -63.375
341.913  134.131  -64.122
346.662  134.215  -64.919
351.477  134.311  -65.774
356.358  134.418  -66.696
361.307  134.535  -67.694
366.325  134.660  -68.774
371.413  134.794  -69.944
376.571  134.932  -71.207
381.801  135.075  -72.566
387.104  135.220  -74.026
392.480  135.369  -75.584
397.931  135.518  -77.246
403.458  135.669  -79.006
409.061  135.818  -80.866
414.742  135.966  -82.821
420.503  136.110  -84.871
426.343  136.248  -87.010
432.264  136.381  -89.235
438.267  136.508  -91.542
444.354  136.627  -93.925
450.526  136.741  -96.379
456.783  136.848  -98.897
463.127  136.945  -101.477
469.559  137.034  -104.109
476.080  137.110  -106.790
482.692  137.173  -109.512
489.396  137.226  -112.269
496.193  137.270  -115.053
503.085  137.304  -117.859
510.072  137.327  -120.680
517.156  137.343  -123.511
524.338  137.350  -126.343
531.621  137.351  -129.172
539.004  137.352  -131.994
546.490  137.348  -134.803
554.080  137.340  -137.596
561.775  137.330  -140.371
569.577  137.320  -143.129
577.488  137.312  -145.867
585.508  137.305  -148.590
593.640  137.302  -151.306
601.885  137.306  -154.016
610.244  137.317  -156.737
618.719  137.334  -159.474
627.313  137.360  -162.242
636.025  137.397  -165.052
644.858  137.443  -167.922
653.814  137.498  -170.865
662.895  137.559  -173.894
672.101  137.624  -177.021
681.436  137.690  179.746
690.900  137.757  176.393
700.496  137.824  172.918
710.224  137.887  169.318
720.088  137.940  165.596
730.089  137.987  161.749
740.229  138.025  157.786
750.510  138.053  153.710
760.933  138.074  149.528
771.501  138.082  145.256
782.216  138.077  140.897
793.080  138.059  136.470
804.095  138.023  131.973
815.262  137.975  127.422
826.585  137.914  122.824
838.065  137.841  118.183
849.705  137.756  113.501
861.506  137.660  108.774
873.471  137.556  104.000
885.602  137.446  99.168
897.901  137.331  94.267
910.372  137.213  89.280
923.016  137.087  84.186
935.835  136.950  78.969
948.832  136.800  73.601
962.010  136.634  68.083
975.371  136.444  62.390
988.917  136.224  56.519
1002.652  135.967  50.480
1016.577  135.664  44.275
1030.696  135.305  37.935
1045.010  134.882  31.496
1059.524  134.381  25.004
1074.239  133.790  18.535
1089.159  133.098  12.191
1104.285  132.291  6.124
1119.622  131.355  0.530
1135.172  130.280  -4.282
1150.938  129.069  -7.892
1166.923  127.752  -9.670
1183.129  126.425  -8.910
1199.561  125.294  -5.098
1216.221  124.658  1.162
1233.113  124.697  7.599
1250.239  125.284  11.752
1267.603  126.115  12.665
1285.208  126.947  10.691
1303.057  127.664  6.571
1321.155  128.221  0.970
1339.504  128.602  -5.629
1358.107  128.809  -12.867
1376.969  128.848  -20.492
1396.093  128.727  -28.297
1415.483  128.446  -36.127
1435.142  128.008  -43.817
1455.074  127.409  -51.207
1475.282  126.641  -58.092
1495.772  125.694  -64.190
1516.546  124.553  -69.073
1537.608  123.231  -72.020
1558.963  121.786  -71.979
1580.615  120.448  -67.659
1602.567  119.691  -58.963
1624.824  119.960  -49.153
1647.391  121.076  -42.824
1670.270  122.487  -41.422
1693.468  123.828  -43.902
1716.988  124.961  -48.914
1740.834  125.853  -55.430
1765.011  126.514  -62.734
1789.525  126.961  -70.271
1814.378  127.231  -77.613
1839.577  127.372  -84.385
1865.126  127.450  -90.316
1891.030  127.549  -95.306
1917.293  127.765  -99.582
1943.922  128.157  -103.658
1970.920  128.732  -108.250
1998.293  129.436  -113.938
2026.046  130.188  -120.969
2054.185  130.902  -129.310
2082.714  131.520  -138.718
2111.640  132.004  -148.866
2140.967  132.344  -159.395
2170.702  132.535  -169.933
2200.850  132.599  179.877
2231.416  132.580  170.341
2262.407  132.549  161.601
2293.829  132.584  153.520
2325.686  132.739  145.650
2357.986  133.012  137.391
2390.735  133.341  128.296
2423.939  133.640  118.270
2457.604  133.848  107.570
2491.736  133.934  96.654
2526.342  133.911  86.029
2561.429  133.839  76.047
2597.004  133.821  66.692
2633.072  133.931  57.478
2669.641  134.169  47.660
2706.719  134.451  36.707
2744.311  134.663  24.585
2782.425  134.714  11.726
2821.069  134.562  -1.148
2860.249  134.240  -13.202
2899.973  133.850  -23.728
2940.250  133.575  -32.588
2981.085  133.590  -40.651
3022.488  133.914  -49.434
3064.466  134.398  -59.965
3107.026  134.862  -72.228
3150.178  135.209  -85.566
3193.929  135.433  -99.264
3238.288  135.601  -112.948
3283.263  135.786  -126.764
3328.862  136.000  -141.184
3375.095  136.175  -156.543
3421.970  136.225  -172.695
3469.496  136.115  170.910
3517.682  135.878  154.871
3566.537  135.598  139.397
3616.071  135.346  124.113
3666.292  135.112  108.472
3717.212  134.816  92.413
3768.838  134.427  76.483
3821.181  134.027  61.184
3874.252  133.719  46.177
3928.059  133.477  30.529
3982.614  133.141  14.105
4037.926  132.619  -1.742
4094.007  132.113  -15.408
4150.866  132.053  -27.787
4208.515  132.466  -42.545
4266.965  132.841  -61.345
4326.227  132.763  -82.395
4386.311  132.200  -102.804
4447.230  131.440  -120.509
4508.996  130.898  -135.824
4571.619  130.728  -150.848
4635.111  130.844  -166.731
4699.486  131.250  175.977
4764.755  131.889  155.766
4830.930  132.457  131.763
4898.024  132.662  105.072
4966.050  132.454  77.653
5035.021  132.009  50.752
5104.949  131.552  23.947
5175.849  131.111  -4.122
5247.734  130.531  -33.992
5320.617  129.704  -65.078
5394.512  128.661  -96.644
5469.434  127.523  -128.544
5545.396  126.395  -161.443
5622.413  125.243  163.524
5700.499  123.845  126.006
5779.670  121.942  87.772
5859.941  119.561  52.871
5941.327  117.440  25.079
6023.843  116.605  0.440
6107.505  116.523  -28.448
6192.328  116.118  -58.942
6278.330  115.796  -84.173
6365.527  116.836  -110.215
6453.934  117.873  -147.651
6543.569  117.136  168.641
6634.449  113.629  127.001
6726.592  103.738  125.640
6820.014  112.922  167.127
6914.733  117.569  119.897
7010.768  116.826  82.640
7108.137  119.539  74.913
7206.858  124.562  27.624
7306.950  126.013  -34.751
7408.433  124.996  -96.304
7511.324  122.782  -160.966
7615.645  118.599  111.232
7721.415  116.113  -17.776
7828.653  117.874  -110.964
7937.381  118.768  -168.644
8047.619  117.348  134.001
8159.388  113.712  138.567
8272.710  121.579  93.992
8387.605  121.340  17.146
8504.096  115.508  -29.771
8622.204  114.778  -70.500
8741.954  101.866  146.872
8863.366  114.559  -40.863
8986.464  113.107  -122.807
9111.273  107.798  -118.368
9237.814  113.252  -150.412
9366.113  113.641  165.685
9496.194  115.075  130.023
9628.082  115.906  72.494
9761.801  112.115  26.894
9897.377  113.109  -1.199
10034.837  110.916  -59.897
10174.205  107.596  -78.546
10315.509  107.372  -106.016
10458.776  109.957  -146.148
10604.032  105.597  148.615
10751.306  105.176  167.030
10900.625  109.089  112.551
11052.018  109.879  46.953
11205.513  105.385  -23.906
11361.141  100.826  -40.685
11518.929  99.610  -106.416
11678.910  91.409  -0.624
11841.112  103.157  -109.071
12005.567  98.765  162.528
12172.305  95.574  149.464
12341.360  88.943  106.764
12512.763  93.343  121.991
12686.546  99.450  70.734
12862.742  96.207  5.263
13041.386  101.474  -41.230
13222.511  92.729  -151.657
13406.151  95.393  -109.317
13592.342  93.420  -174.185
13781.119  94.815  160.541
13972.517  96.865  98.573
14166.574  96.740  32.577
14363.326  91.217  -12.889
14562.810  94.186  -61.017
14765.065  93.429  -123.416
14970.129  88.053  135.574
15178.042  80.683  5.233
15388.841  89.679  -169.961
15602.569  89.296  126.462
15819.264  90.094  46.638
16038.969  88.480  -9.050
16261.726  89.213  9.078
16487.576  94.988  -78.891
16716.564  92.788  -175.153
16948.731  94.495  -173.007
17184.123  102.652  99.438
17422.784  103.684  -6.600
17664.759  100.354  -94.625
17910.096  97.754  -179.283
18158.839  92.943  131.022
18411.038  93.580  74.763
18666.739  93.802  4.511
18925.991  96.941  -95.924
19188.844  89.849  -132.554
19455.348  88.048  -150.769
19725.552  99.195  92.169
19999.510  96.337  9.293
