* KOAN 2951 3-way demo — both woofers (W1+W2) summed, 60° horizontal, mic 1 m
* Koan 2951 - woofers W1+W2 complex gesommeerd, hor 60 graden
* bron: ARTA gated 5.021 ms, ref time 2.5 ms - GELDIG BOVEN ~400 Hz
* source: woofer_pair_hor_60.frd (ARTA export, 13640 pts, 20.51–20000 Hz), resampled to a 500-pt log grid 20.5–20000 Hz (dB + unwrapped phase in log-f, then re-wrapped)
Freq[Hz]     dBSPL  Phase[Deg]
20.508  130.398  136.604
20.793  130.321  136.061
21.081  130.244  135.519
21.374  130.167  134.976
21.671  130.090  134.433
21.972  130.014  133.890
22.277  129.951  133.323
22.587  129.888  132.756
22.900  129.825  132.188
23.218  129.762  131.621
23.541  129.704  131.046
23.868  129.653  130.456
24.199  129.603  129.866
24.535  129.553  129.276
24.876  129.503  128.686
25.222  129.464  128.075
25.572  129.426  127.464
25.927  129.388  126.852
26.287  129.350  126.240
26.652  129.321  125.613
27.022  129.295  124.982
27.398  129.268  124.350
27.778  129.242  123.718
28.164  129.223  123.071
28.555  129.205  122.420
28.952  129.186  121.770
29.354  129.169  121.117
29.761  129.159  120.448
30.175  129.149  119.780
30.594  129.139  119.112
31.019  129.134  118.434
31.450  129.133  117.749
31.886  129.131  117.064
32.329  129.131  116.376
32.778  129.136  115.676
33.233  129.142  114.975
33.695  129.147  114.275
34.163  129.159  113.560
34.637  129.171  112.845
35.119  129.183  112.129
35.606  129.200  111.401
36.101  129.218  110.672
36.602  129.236  109.943
37.111  129.258  109.201
37.626  129.280  108.458
38.148  129.303  107.714
38.678  129.331  106.959
39.215  129.358  106.203
39.760  129.387  105.443
40.312  129.418  104.676
40.872  129.450  103.908
41.440  129.483  103.132
42.015  129.517  102.353
42.599  129.553  101.572
43.191  129.592  100.781
43.790  129.632  99.991
44.399  129.674  99.192
45.015  129.716  98.390
45.640  129.759  97.585
46.274  129.804  96.773
46.917  129.850  95.960
47.569  129.899  95.138
48.229  129.949  94.315
48.899  130.000  93.484
49.578  130.052  92.652
50.267  130.105  91.812
50.965  130.158  90.970
51.673  130.212  90.122
52.390  130.266  89.270
53.118  130.322  88.412
53.856  130.378  87.551
54.604  130.436  86.684
55.362  130.494  85.813
56.131  130.554  84.936
56.911  130.615  84.055
57.701  130.676  83.168
58.502  130.738  82.278
59.315  130.801  81.380
60.139  130.864  80.479
60.974  130.927  79.571
61.821  130.990  78.660
62.679  131.054  77.743
63.550  131.119  76.820
64.432  131.185  75.893
65.327  131.252  74.958
66.235  131.318  74.019
67.154  131.385  73.075
68.087  131.452  72.124
69.033  131.519  71.168
69.991  131.587  70.206
70.964  131.655  69.237
71.949  131.724  68.264
72.948  131.794  67.284
73.962  131.863  66.298
74.989  131.933  65.306
76.030  132.003  64.307
77.086  132.072  63.301
78.157  132.142  62.289
79.242  132.212  61.272
80.343  132.282  60.246
81.459  132.353  59.214
82.590  132.424  58.175
83.737  132.496  57.130
84.900  132.566  56.078
86.079  132.636  55.017
87.275  132.706  53.949
88.487  132.776  52.874
89.716  132.845  51.792
90.962  132.913  50.703
92.225  132.982  49.605
93.506  133.050  48.499
94.805  133.116  47.385
96.121  133.180  46.263
97.456  133.244  45.133
98.810  133.308  43.996
100.182  133.374  42.849
101.573  133.445  41.694
102.984  133.518  40.531
104.414  133.590  39.358
105.865  133.659  38.178
107.335  133.725  36.988
108.826  133.787  35.789
110.337  133.849  34.581
111.869  133.909  33.364
113.423  133.970  32.138
114.998  134.031  30.902
116.596  134.091  29.657
118.215  134.150  28.402
119.857  134.209  27.139
121.521  134.270  25.865
123.209  134.329  24.581
124.920  134.385  23.288
126.655  134.430  21.984
128.414  134.464  20.672
130.198  134.494  19.349
132.006  134.522  18.017
133.839  134.546  16.674
135.698  134.566  15.321
137.583  134.585  13.959
139.494  134.601  12.586
141.431  134.620  11.203
143.395  134.647  9.812
145.387  134.676  8.409
147.406  134.703  6.997
149.453  134.730  5.576
151.529  134.759  4.145
153.633  134.789  2.705
155.767  134.816  1.255
157.930  134.840  -0.203
160.124  134.861  -1.670
162.348  134.878  -3.146
164.602  134.892  -4.631
166.889  134.904  -6.123
169.206  134.916  -7.623
171.556  134.928  -9.130
173.939  134.937  -10.645
176.355  134.943  -12.165
178.804  134.943  -13.691
181.287  134.938  -15.222
183.805  134.928  -16.758
186.358  134.915  -18.298
188.946  134.895  -19.841
191.570  134.868  -21.387
194.231  134.835  -22.933
196.929  134.799  -24.481
199.664  134.758  -26.027
202.437  134.713  -27.571
205.248  134.664  -29.111
208.099  134.610  -30.647
210.989  134.551  -32.176
213.919  134.488  -33.697
216.890  134.420  -35.208
219.903  134.347  -36.706
222.957  134.269  -38.190
226.053  134.188  -39.657
229.193  134.102  -41.104
232.376  134.012  -42.528
235.603  133.917  -43.928
238.875  133.813  -45.299
242.193  133.702  -46.636
245.557  133.586  -47.940
248.967  133.466  -49.202
252.425  133.339  -50.421
255.931  133.205  -51.592
259.485  133.068  -52.711
263.089  132.928  -53.773
266.743  132.791  -54.774
270.447  132.662  -55.710
274.204  132.534  -56.578
278.012  132.408  -57.373
281.873  132.287  -58.093
285.788  132.176  -58.737
289.757  132.073  -59.302
293.781  131.977  -59.792
297.861  131.891  -60.208
301.998  131.813  -60.554
306.192  131.749  -60.835
310.445  131.699  -61.061
314.757  131.666  -61.242
319.128  131.646  -61.393
323.560  131.644  -61.529
328.054  131.662  -61.665
332.610  131.699  -61.823
337.230  131.758  -62.014
341.913  131.837  -62.263
346.662  131.934  -62.581
351.477  132.049  -62.990
356.358  132.181  -63.500
361.307  132.327  -64.124
366.325  132.484  -64.871
371.413  132.652  -65.753
376.571  132.826  -66.763
381.801  133.004  -67.917
387.104  133.185  -69.209
392.480  133.368  -70.636
397.931  133.550  -72.201
403.458  133.731  -73.896
409.061  133.909  -75.719
414.742  134.081  -77.664
420.503  134.247  -79.724
426.343  134.404  -81.895
432.264  134.554  -84.170
438.267  134.693  -86.541
444.354  134.822  -89.003
450.526  134.941  -91.546
456.783  135.050  -94.166
463.127  135.146  -96.854
469.559  135.230  -99.605
476.080  135.298  -102.408
482.692  135.350  -105.260
489.396  135.388  -108.151
496.193  135.414  -111.075
503.085  135.425  -114.024
510.072  135.423  -116.990
517.156  135.408  -119.968
524.338  135.382  -122.947
531.621  135.345  -125.924
539.004  135.304  -128.889
546.490  135.253  -131.838
554.080  135.195  -134.766
561.775  135.129  -137.665
569.577  135.058  -140.536
577.488  134.985  -143.374
585.508  134.908  -146.180
593.640  134.830  -148.954
601.885  134.755  -151.703
610.244  134.683  -154.428
618.719  134.615  -157.142
627.313  134.552  -159.854
636.025  134.498  -162.575
644.858  134.452  -165.324
653.814  134.414  -168.109
662.895  134.382  -170.953
672.101  134.354  -173.868
681.436  134.329  -176.866
690.900  134.305  -179.964
700.496  134.283  176.830
710.224  134.256  173.510
720.088  134.222  170.072
730.089  134.180  166.510
740.229  134.129  162.833
750.510  134.067  159.042
760.933  133.996  155.143
771.501  133.910  151.144
782.216  133.806  147.063
793.080  133.683  142.907
804.095  133.539  138.688
815.262  133.375  134.426
826.585  133.190  130.129
838.065  132.984  125.817
849.705  132.758  121.498
861.506  132.512  117.187
873.471  132.249  112.892
885.602  131.969  108.617
897.901  131.679  104.369
910.372  131.377  100.136
923.016  131.065  95.931
935.835  130.739  91.738
948.832  130.402  87.549
962.010  130.054  83.360
975.371  129.691  79.172
988.917  129.310  74.980
1002.652  128.909  70.788
1016.577  128.485  66.622
1030.696  128.035  62.500
1045.010  127.556  58.461
1059.524  127.050  54.552
1074.239  126.516  50.827
1089.159  125.962  47.339
1104.285  125.397  44.146
1119.622  124.834  41.264
1135.172  124.290  38.708
1150.938  123.782  36.401
1166.923  123.327  34.247
1183.129  122.931  32.098
1199.561  122.593  29.759
1216.221  122.296  27.087
1233.113  122.019  23.964
1250.239  121.734  20.340
1267.603  121.410  16.240
1285.208  121.023  11.716
1303.057  120.556  6.877
1321.155  119.992  1.832
1339.504  119.320  -3.306
1358.107  118.528  -8.410
1376.969  117.609  -13.394
1396.093  116.544  -18.187
1415.483  115.300  -22.726
1435.142  113.813  -26.865
1455.074  111.958  -30.272
1475.282  109.502  -31.904
1495.772  106.026  -28.176
1516.546  101.476  -4.657
1537.608  102.154  46.860
1558.963  107.129  65.515
1580.615  110.823  65.526
1602.567  113.423  59.661
1624.824  115.289  51.312
1647.391  116.612  41.712
1670.270  117.492  31.505
1693.468  117.984  21.156
1716.988  118.121  11.116
1740.834  117.928  1.937
1765.011  117.454  -5.715
1789.525  116.794  -11.023
1814.378  116.151  -13.360
1839.577  115.826  -13.115
1865.126  116.022  -12.303
1891.030  116.636  -13.335
1917.293  117.371  -17.113
1943.922  117.976  -23.073
1970.920  118.338  -30.092
1998.293  118.451  -36.997
2026.046  118.412  -42.762
2054.185  118.407  -46.858
2082.714  118.667  -49.850
2111.640  119.300  -53.418
2140.967  120.190  -59.240
2170.702  121.098  -67.866
2200.850  121.827  -78.895
2231.416  122.271  -91.547
2262.407  122.378  -105.011
2293.829  122.140  -118.465
2325.686  121.584  -131.064
2357.986  120.796  -141.949
2390.735  119.954  -150.525
2423.939  119.311  -157.146
2457.604  119.047  -163.555
2491.736  119.069  -171.837
2526.342  119.108  177.134
2561.429  118.932  163.746
2597.004  118.432  148.920
2633.072  117.592  133.622
2669.641  116.494  118.634
2706.719  115.323  104.186
2744.311  114.334  89.384
2782.425  113.725  72.140
2821.069  113.567  50.419
2860.249  113.902  23.903
2899.973  114.771  -5.526
2940.250  116.082  -35.005
2981.085  117.610  -62.594
3022.488  119.152  -87.842
3064.466  120.598  -111.149
3107.026  121.899  -133.149
3150.178  123.027  -154.397
3193.929  123.953  -175.235
3238.288  124.661  164.220
3283.263  125.154  143.994
3328.862  125.449  124.142
3375.095  125.566  104.630
3421.970  125.519  85.314
3469.496  125.301  66.026
3517.682  124.864  46.745
3566.537  124.141  27.770
3616.071  123.088  9.780
3666.292  121.738  -6.160
3717.212  120.240  -18.825
3768.838  118.940  -27.601
3821.181  118.281  -34.015
3874.252  118.380  -42.026
3928.059  118.845  -54.902
3982.614  119.134  -73.229
4037.926  118.819  -95.939
4094.007  117.526  -121.405
4150.866  114.776  -147.293
4208.515  109.572  -167.455
4266.965  101.548  -142.670
4326.227  106.502  -105.786
4386.311  110.008  -122.665
4447.230  111.115  -146.736
4508.996  111.171  -173.107
4571.619  110.734  155.270
4635.111  110.043  113.317
4699.486  109.991  59.209
4764.755  111.608  3.830
4830.930  113.907  -40.996
4898.024  115.954  -75.688
4966.050  117.793  -104.198
5035.021  119.557  -130.726
5104.949  121.080  -157.951
5175.849  122.126  173.925
5247.734  122.606  146.135
5320.617  122.599  120.118
5394.512  122.329  96.947
5469.434  122.147  76.518
5545.396  122.299  56.670
5622.413  122.623  34.973
5700.499  122.802  11.494
5779.670  122.795  -12.463
5859.941  122.724  -36.936
5941.327  122.539  -62.826
6023.843  122.070  -90.157
6107.505  121.162  -118.281
6192.328  119.675  -145.377
6278.330  117.909  -168.643
6365.527  116.449  169.332
6453.934  114.459  144.896
6543.569  111.300  130.539
6634.449  110.953  129.679
6726.592  112.412  108.365
6820.014  112.056  75.690
6914.733  109.454  47.773
7010.768  108.011  45.014
7108.137  111.204  23.105
7206.858  112.596  -18.774
7306.950  113.356  -57.955
7408.433  115.210  -100.949
7511.324  117.179  -147.834
7615.645  119.976  163.552
7721.415  122.496  103.437
7828.653  122.220  37.245
7937.381  117.013  -9.370
8047.619  119.092  1.777
8159.388  124.084  -52.376
8272.710  124.378  -116.472
8387.605  121.312  -173.500
8504.096  114.669  159.328
8622.204  117.935  171.956
8741.954  121.984  116.903
8863.366  121.041  54.710
8986.464  118.259  9.708
9111.273  116.753  -38.541
9237.814  111.839  -92.198
9366.113  106.548  -118.144
9496.194  99.492  -147.865
9628.082  101.476  -136.196
9761.801  96.051  154.221
9897.377  97.198  -151.464
10034.837  96.886  140.247
10174.205  93.616  128.041
10315.509  94.597  117.500
10458.776  99.892  44.475
10604.032  95.998  -86.150
10751.306  92.950  90.992
10900.625  89.573  -32.942
11052.018  83.875  -38.472
11205.513  93.462  -130.769
11361.141  95.766  124.687
11518.929  96.472  54.061
11678.910  97.456  -14.851
11841.112  96.620  -70.201
12005.567  94.712  -128.305
12172.305  93.944  -148.431
12341.360  95.159  161.537
12512.763  96.839  111.200
12686.546  93.662  46.760
12862.742  96.255  32.963
13041.386  98.762  -55.024
13222.511  95.372  -134.471
13406.151  90.465  150.446
13592.342  82.725  98.507
13781.119  83.966  108.673
13972.517  88.247  42.933
14166.574  92.554  -33.977
14363.326  92.750  -118.866
14562.810  91.777  153.828
14765.065  87.753  7.499
14970.129  86.336  -178.132
15178.042  82.850  121.154
15388.841  90.513  72.695
15602.569  91.581  -16.915
15819.264  90.524  -123.094
16038.969  71.320  163.450
16261.726  80.352  77.140
16487.576  89.596  -97.897
16716.564  91.510  109.195
16948.731  90.401  -83.158
17184.123  94.172  144.462
17422.784  93.391  34.886
17664.759  97.779  -39.003
17910.096  96.112  -137.000
18158.839  93.656  105.085
18411.038  86.692  85.811
18666.739  90.741  -33.531
18925.991  89.905  -151.171
19188.844  88.549  159.785
19455.348  88.793  47.657
19725.552  88.737  56.463
19999.510  86.354  -81.353
