* KOAN 2951 3-way demo — both woofers (W1+W2) summed, 30° horizontal, mic 1 m
* Koan 2951 - woofers W1+W2 complex gesommeerd, hor 30 graden
* bron: ARTA gated 5.021 ms, ref time 2.5 ms - GELDIG BOVEN ~400 Hz
* source: woofer_pair_hor_30.frd (ARTA export, 13640 pts, 20.51–20000 Hz), resampled to a 500-pt log grid 20.5–20000 Hz (dB + unwrapped phase in log-f, then re-wrapped)
Freq[Hz]     dBSPL  Phase[Deg]
20.508  130.624  136.395
20.793  130.548  135.853
21.081  130.472  135.311
21.374  130.397  134.769
21.671  130.321  134.227
21.972  130.245  133.685
22.277  130.183  133.120
22.587  130.122  132.554
22.900  130.060  131.988
23.218  129.998  131.422
23.541  129.941  130.850
23.868  129.892  130.262
24.199  129.843  129.674
24.535  129.794  129.086
24.876  129.744  128.498
25.222  129.707  127.891
25.572  129.670  127.282
25.927  129.633  126.673
26.287  129.597  126.064
26.652  129.569  125.441
27.022  129.544  124.813
27.398  129.519  124.185
27.778  129.494  123.557
28.164  129.476  122.913
28.555  129.459  122.267
28.952  129.442  121.621
29.354  129.427  120.972
29.761  129.418  120.309
30.175  129.410  119.646
30.594  129.402  118.983
31.019  129.398  118.311
31.450  129.398  117.632
31.886  129.397  116.953
32.329  129.399  116.270
32.778  129.406  115.576
33.233  129.413  114.882
33.695  129.420  114.188
34.163  129.433  113.480
34.637  129.447  112.772
35.119  129.460  112.064
35.606  129.479  111.344
36.101  129.497  110.622
36.602  129.516  109.901
37.111  129.540  109.167
37.626  129.564  108.433
38.148  129.589  107.698
38.678  129.618  106.952
39.215  129.647  106.206
39.760  129.677  105.455
40.312  129.710  104.697
40.872  129.743  103.939
41.440  129.778  103.173
42.015  129.814  102.405
42.599  129.851  101.634
43.191  129.892  100.854
43.790  129.934  100.075
44.399  129.977  99.288
45.015  130.021  98.497
45.640  130.066  97.704
46.274  130.112  96.904
46.917  130.159  96.103
47.569  130.210  95.294
48.229  130.261  94.484
48.899  130.314  93.666
49.578  130.368  92.847
50.267  130.423  92.021
50.965  130.478  91.192
51.673  130.533  90.358
52.390  130.589  89.520
53.118  130.646  88.678
53.856  130.705  87.831
54.604  130.764  86.979
55.362  130.824  86.123
56.131  130.885  85.262
56.911  130.947  84.397
57.701  131.010  83.526
58.502  131.074  82.652
59.315  131.139  81.771
60.139  131.203  80.888
60.974  131.268  79.996
61.821  131.333  79.102
62.679  131.399  78.203
63.550  131.465  77.297
64.432  131.533  76.389
65.327  131.601  75.472
66.235  131.670  74.553
67.154  131.739  73.627
68.087  131.807  72.695
69.033  131.876  71.759
69.991  131.946  70.817
70.964  132.016  69.869
71.949  132.087  68.916
72.948  132.158  67.956
73.962  132.229  66.990
74.989  132.301  66.020
76.030  132.372  65.043
77.086  132.444  64.059
78.157  132.515  63.069
79.242  132.587  62.074
80.343  132.660  61.071
81.459  132.733  60.062
82.590  132.806  59.046
83.737  132.879  58.025
84.900  132.952  56.996
86.079  133.024  55.960
87.275  133.096  54.916
88.487  133.168  53.866
89.716  133.239  52.810
90.962  133.311  51.746
92.225  133.381  50.674
93.506  133.451  49.594
94.805  133.520  48.507
96.121  133.587  47.413
97.456  133.653  46.310
98.810  133.719  45.200
100.182  133.788  44.082
101.573  133.861  42.956
102.984  133.937  41.821
104.414  134.012  40.678
105.865  134.084  39.528
107.335  134.153  38.368
108.826  134.218  37.200
110.337  134.282  36.024
111.869  134.346  34.838
113.423  134.410  33.644
114.998  134.474  32.441
116.596  134.537  31.229
118.215  134.599  30.008
119.857  134.663  28.779
121.521  134.727  27.541
123.209  134.790  26.293
124.920  134.850  25.035
126.655  134.899  23.768
128.414  134.937  22.492
130.198  134.971  21.208
132.006  135.003  19.913
133.839  135.032  18.610
135.698  135.057  17.297
137.583  135.080  15.975
139.494  135.101  14.644
141.431  135.125  13.303
143.395  135.157  11.954
145.387  135.191  10.595
147.406  135.224  9.227
149.453  135.257  7.851
151.529  135.292  6.466
153.633  135.328  5.074
155.767  135.362  3.671
157.930  135.392  2.262
160.124  135.420  0.844
162.348  135.444  -0.581
164.602  135.465  -2.014
166.889  135.485  -3.453
169.206  135.506  -4.900
171.556  135.525  -6.352
173.939  135.543  -7.810
176.355  135.558  -9.274
178.804  135.568  -10.742
181.287  135.572  -12.215
183.805  135.573  -13.691
186.358  135.570  -15.169
188.946  135.563  -16.650
191.570  135.547  -18.132
194.231  135.527  -19.613
196.929  135.504  -21.094
199.664  135.477  -22.574
202.437  135.446  -24.050
205.248  135.412  -25.523
208.099  135.374  -26.988
210.989  135.332  -28.448
213.919  135.286  -29.897
216.890  135.237  -31.337
219.903  135.184  -32.765
222.957  135.127  -34.178
226.053  135.067  -35.574
229.193  135.005  -36.951
232.376  134.939  -38.308
235.603  134.870  -39.642
238.875  134.793  -40.948
242.193  134.711  -42.226
245.557  134.626  -43.472
248.967  134.538  -44.686
252.425  134.445  -45.860
255.931  134.347  -46.994
259.485  134.248  -48.085
263.089  134.147  -49.130
266.743  134.052  -50.128
270.447  133.966  -51.075
274.204  133.884  -51.971
278.012  133.804  -52.813
281.873  133.731  -53.602
285.788  133.669  -54.338
289.757  133.615  -55.023
293.781  133.569  -55.658
297.861  133.531  -56.248
301.998  133.502  -56.795
306.192  133.484  -57.314
310.445  133.478  -57.803
314.757  133.486  -58.275
319.128  133.503  -58.741
323.560  133.533  -59.212
328.054  133.578  -59.699
332.610  133.638  -60.218
337.230  133.714  -60.778
341.913  133.803  -61.392
346.662  133.907  -62.073
351.477  134.024  -62.829
356.358  134.152  -63.673
361.307  134.290  -64.610
366.325  134.437  -65.649
371.413  134.591  -66.795
376.571  134.750  -68.049
381.801  134.911  -69.420
387.104  135.075  -70.901
392.480  135.239  -72.497
397.931  135.403  -74.206
403.458  135.567  -76.025
409.061  135.727  -77.950
414.742  135.884  -79.979
420.503  136.034  -82.105
426.343  136.178  -84.329
432.264  136.315  -86.640
438.267  136.443  -89.035
444.354  136.562  -91.509
450.526  136.674  -94.055
456.783  136.776  -96.664
463.127  136.867  -99.333
469.559  136.948  -102.058
476.080  137.014  -104.825
482.692  137.065  -107.631
489.396  137.105  -110.470
496.193  137.133  -113.331
503.085  137.150  -116.210
510.072  137.154  -119.099
517.156  137.148  -121.988
524.338  137.132  -124.873
531.621  137.109  -127.742
539.004  137.082  -130.595
546.490  137.050  -133.424
554.080  137.012  -136.219
561.775  136.971  -138.982
569.577  136.928  -141.707
577.488  136.886  -144.399
585.508  136.845  -147.053
593.640  136.807  -149.675
601.885  136.777  -152.272
610.244  136.754  -154.855
618.719  136.739  -157.431
627.313  136.735  -160.018
636.025  136.744  -162.632
644.858  136.765  -165.290
653.814  136.797  -168.006
662.895  136.840  -170.801
672.101  136.888  -173.688
681.436  136.942  -176.683
690.900  137.000  -179.795
700.496  137.061  176.967
710.224  137.121  173.593
720.088  137.173  170.087
730.089  137.221  166.449
740.229  137.263  162.678
750.510  137.297  158.779
760.933  137.325  154.765
771.501  137.342  150.638
782.216  137.347  146.407
793.080  137.339  142.084
804.095  137.317  137.670
815.262  137.281  133.176
826.585  137.232  128.607
838.065  137.170  123.961
849.705  137.096  119.238
861.506  137.008  114.439
873.471  136.909  109.550
885.602  136.798  104.565
897.901  136.677  99.474
910.372  136.546  94.264
923.016  136.397  88.916
935.835  136.228  83.420
948.832  136.033  77.768
962.010  135.809  71.953
975.371  135.548  65.976
988.917  135.241  59.836
1002.652  134.881  53.562
1016.577  134.456  47.178
1030.696  133.954  40.720
1045.010  133.366  34.266
1059.524  132.675  27.899
1074.239  131.864  21.753
1089.159  130.919  16.025
1104.285  129.825  11.001
1119.622  128.576  7.134
1135.172  127.188  5.077
1150.938  125.744  5.690
1166.923  124.459  9.748
1183.129  123.691  16.897
1199.561  123.707  24.570
1216.221  124.371  29.604
1233.113  125.309  30.835
1250.239  126.231  28.750
1267.603  127.002  24.286
1285.208  127.573  18.218
1303.057  127.938  11.094
1321.155  128.103  3.318
1339.504  128.069  -4.829
1358.107  127.843  -13.097
1376.969  127.432  -21.281
1396.093  126.841  -29.172
1415.483  126.076  -36.553
1435.142  125.145  -43.193
1455.074  124.058  -48.824
1475.282  122.835  -53.148
1495.772  121.498  -55.822
1516.546  120.092  -56.393
1537.608  118.696  -54.296
1558.963  117.472  -48.934
1580.615  116.703  -40.289
1602.567  116.724  -30.065
1624.824  117.574  -21.580
1647.391  118.916  -17.084
1670.270  120.378  -16.702
1693.468  121.744  -19.538
1716.988  122.918  -24.587
1740.834  123.870  -31.077
1765.011  124.602  -38.382
1789.525  125.131  -46.013
1814.378  125.486  -53.573
1839.577  125.712  -60.748
1865.126  125.865  -67.331
1891.030  126.014  -73.292
1917.293  126.222  -78.797
1943.922  126.521  -84.224
1970.920  126.910  -89.988
1998.293  127.354  -96.395
2026.046  127.806  -103.557
2054.185  128.218  -111.394
2082.714  128.559  -119.682
2111.640  128.827  -128.172
2140.967  129.039  -136.621
2170.702  129.226  -144.887
2200.850  129.427  -152.969
2231.416  129.678  -161.071
2262.407  129.992  -169.517
2293.829  130.343  -178.640
2325.686  130.680  171.374
2357.986  130.938  160.564
2390.735  131.057  149.199
2423.939  131.008  137.712
2457.604  130.807  126.656
2491.736  130.515  116.553
2526.342  130.245  107.662
2561.429  130.134  99.608
2597.004  130.259  91.354
2633.072  130.558  81.791
2669.641  130.874  70.443
2706.719  131.058  57.587
2744.311  131.026  43.936
2782.425  130.770  30.320
2821.069  130.355  17.450
2860.249  129.904  5.625
2899.973  129.535  -5.521
2940.250  129.284  -16.855
2981.085  129.064  -29.063
3022.488  128.747  -42.120
3064.466  128.254  -55.346
3107.026  127.611  -67.869
3150.178  126.944  -79.206
3193.929  126.395  -89.761
3238.288  125.987  -100.549
3283.263  125.607  -112.121
3328.862  125.140  -123.965
3375.095  124.624  -135.069
3421.970  124.271  -145.260
3469.496  124.253  -156.106
3517.682  124.422  -169.650
3566.537  124.429  173.648
3616.071  123.988  154.987
3666.292  122.981  136.476
3717.212  121.493  120.847
3768.838  120.023  110.502
3821.181  119.393  103.523
3874.252  119.643  93.217
3928.059  119.937  77.334
3982.614  119.779  58.839
4037.926  119.263  41.511
4094.007  118.984  26.999
4150.866  119.523  11.789
4208.515  120.590  -9.085
4266.965  121.519  -35.989
4326.227  121.972  -66.531
4386.311  121.875  -97.968
4447.230  121.296  -127.371
4508.996  120.570  -151.465
4571.619  120.552  -169.372
4635.111  121.862  172.593
4699.486  123.775  148.390
4764.755  125.433  119.099
4830.930  126.560  87.665
4898.024  127.182  56.100
4966.050  127.405  25.275
5035.021  127.273  -4.590
5104.949  126.772  -32.963
5175.849  125.986  -58.541
5247.734  125.274  -80.593
5320.617  124.985  -101.475
5394.512  124.884  -124.286
5469.434  124.526  -148.366
5545.396  123.930  -171.233
5622.413  123.435  167.126
5700.499  123.007  144.456
5779.670  122.236  121.328
5859.941  121.205  101.621
5941.327  120.792  85.027
6023.843  120.933  63.943
6107.505  120.320  38.852
6192.328  118.863  19.757
6278.330  118.521  7.529
6365.527  118.878  -11.629
6453.934  118.502  -29.932
6543.569  119.289  -44.553
6634.449  120.510  -70.216
6726.592  120.302  -98.547
6820.014  119.739  -119.713
6914.733  120.025  -137.184
7010.768  121.790  -158.144
7108.137  123.421  165.664
7206.858  122.455  129.499
7306.950  123.287  114.597
7408.433  127.039  70.616
7511.324  127.414  7.273
7615.645  124.536  -48.535
7721.415  123.862  -90.480
7828.653  125.320  -166.648
7937.381  125.284  93.339
8047.619  123.743  -5.683
8159.388  118.843  -82.575
8272.710  114.192  -92.384
8387.605  118.853  -122.906
8504.096  120.590  178.563
8622.204  118.790  115.323
8741.954  112.140  73.539
8863.366  113.061  81.562
8986.464  116.003  26.598
9111.273  114.435  -34.222
9237.814  112.969  -96.039
9366.113  111.217  153.209
9496.194  112.399  12.097
9628.082  111.785  -86.592
9761.801  110.403  -133.723
9897.377  111.965  164.001
10034.837  110.102  96.120
10174.205  108.005  31.594
10315.509  105.181  -43.747
10458.776  102.474  -128.203
10604.032  98.729  145.465
10751.306  100.170  111.860
10900.625  105.826  24.540
11052.018  105.324  -75.356
11205.513  101.200  -159.511
11361.141  99.721  116.070
11518.929  97.696  5.550
11678.910  91.941  -48.428
11841.112  97.136  -93.886
12005.567  100.720  -135.752
12172.305  105.680  143.712
12341.360  104.817  57.480
12512.763  100.556  -5.659
12686.546  100.430  -40.557
12862.742  102.645  -102.756
13041.386  104.247  170.477
13222.511  101.245  62.917
13406.151  94.325  -22.915
13592.342  90.353  -100.778
13781.119  89.700  -146.259
13972.517  88.881  157.856
14166.574  94.169  90.590
14363.326  92.786  16.394
14562.810  93.001  -65.388
14765.065  85.440  -137.076
14970.129  78.940  -155.613
15178.042  84.930  -109.064
15388.841  90.248  176.130
15602.569  93.716  127.836
15819.264  94.207  31.062
16038.969  93.151  -35.512
16261.726  88.957  -102.261
16487.576  85.805  -172.238
16716.564  90.887  130.466
16948.731  82.808  -129.717
17184.123  93.996  28.639
17422.784  93.414  -84.722
17664.759  90.850  -170.834
17910.096  93.889  105.093
18158.839  90.398  15.106
18411.038  94.083  -43.816
18666.739  97.152  -110.063
18925.991  100.196  135.515
19188.844  98.328  32.746
19455.348  95.152  -43.504
19725.552  98.981  -138.542
19999.510  95.899  99.957
