* KOAN 2951 3-way demo — both woofers (W1+W2) summed, 15° horizontal, mic 1 m
* Koan 2951 - woofers W1+W2 complex gesommeerd, hor 15 graden
* bron: ARTA gated 5.021 ms, ref time 2.5 ms - GELDIG BOVEN ~400 Hz
* source: woofer_pair_hor_15.frd (ARTA export, 13640 pts, 20.51–20000 Hz), resampled to a 500-pt log grid 20.5–20000 Hz (dB + unwrapped phase in log-f, then re-wrapped)
* HEADER HERSTELD (UI-1, 01-09-2026). De afleiding hierboven — complexe sommatie
* van woofer_up_hor_* en woofer_down_hor_* plus herbemonstering — schreef de
* vensterregels van ARTA weg en zette er de prozaregel "bron: ARTA gated ..." voor
* in de plaats. Engine2 leest de header op VELDNAAM (`Naam = waarde`), dus dit
* bestand meldde "no window header": geen geldigheidsvloer, band 21 Hz-20 kHz, en
* daardoor het VERKEERDE niveau-anker (A5d.4). De twee regels hieronder zijn niet
* verzonnen maar teruggezet: beide bronbestanden dragen ze woordelijk, en een
* complexe som van twee gelijk gepoortte responsen heeft die poort.
* Reference time = 2,5 ms
* Right window = 5,021 ms, Tukey 0.25
Freq[Hz]     dBSPL  Phase[Deg]
20.508  130.484  135.889
20.793  130.410  135.345
21.081  130.335  134.800
21.374  130.260  134.255
21.671  130.185  133.711
21.972  130.111  133.166
22.277  130.050  132.598
22.587  129.990  132.030
22.900  129.929  131.462
23.218  129.869  130.894
23.541  129.812  130.319
23.868  129.764  129.729
24.199  129.716  129.139
24.535  129.669  128.548
24.876  129.621  127.958
25.222  129.584  127.350
25.572  129.549  126.739
25.927  129.513  126.129
26.287  129.478  125.519
26.652  129.452  124.894
27.022  129.428  124.264
27.398  129.404  123.635
27.778  129.380  123.006
28.164  129.364  122.361
28.555  129.348  121.714
28.952  129.333  121.068
29.354  129.319  120.418
29.761  129.311  119.755
30.175  129.304  119.092
30.594  129.297  118.428
31.019  129.295  117.755
31.450  129.296  117.077
31.886  129.297  116.398
32.329  129.300  115.716
32.778  129.308  115.023
33.233  129.317  114.329
33.695  129.325  113.636
34.163  129.340  112.929
34.637  129.355  112.222
35.119  129.369  111.515
35.606  129.389  110.796
36.101  129.410  110.076
36.602  129.430  109.356
37.111  129.455  108.624
37.626  129.481  107.892
38.148  129.507  107.158
38.678  129.537  106.415
39.215  129.568  105.671
39.760  129.600  104.923
40.312  129.634  104.168
40.872  129.668  103.413
41.440  129.705  102.650
42.015  129.742  101.884
42.599  129.781  101.116
43.191  129.823  100.340
43.790  129.865  99.564
44.399  129.910  98.780
45.015  129.956  97.994
45.640  130.002  97.204
46.274  130.050  96.408
46.917  130.098  95.611
47.569  130.150  94.806
48.229  130.203  94.000
48.899  130.258  93.187
49.578  130.313  92.373
50.267  130.368  91.552
50.965  130.424  90.728
51.673  130.481  89.899
52.390  130.538  89.066
53.118  130.597  88.229
53.856  130.656  87.387
54.604  130.717  86.541
55.362  130.778  85.690
56.131  130.841  84.834
56.911  130.904  83.975
57.701  130.969  83.110
58.502  131.034  82.242
59.315  131.099  81.367
60.139  131.165  80.490
60.974  131.231  79.605
61.821  131.297  78.717
62.679  131.364  77.823
63.550  131.432  76.925
64.432  131.501  76.023
65.327  131.570  75.113
66.235  131.640  74.200
67.154  131.710  73.281
68.087  131.780  72.356
69.033  131.850  71.427
69.991  131.920  70.492
70.964  131.991  69.550
71.949  132.063  68.605
72.948  132.136  67.652
73.962  132.209  66.694
74.989  132.281  65.730
76.030  132.354  64.761
77.086  132.427  63.784
78.157  132.499  62.802
79.242  132.572  61.815
80.343  132.646  60.820
81.459  132.720  59.818
82.590  132.794  58.811
83.737  132.868  57.797
84.900  132.942  56.777
86.079  133.016  55.748
87.275  133.089  54.713
88.487  133.161  53.672
89.716  133.234  52.623
90.962  133.306  51.567
92.225  133.378  50.504
93.506  133.449  49.433
94.805  133.519  48.354
96.121  133.587  47.269
97.456  133.654  46.175
98.810  133.722  45.073
100.182  133.792  43.964
101.573  133.866  42.847
102.984  133.943  41.722
104.414  134.019  40.588
105.865  134.093  39.446
107.335  134.162  38.296
108.826  134.229  37.137
110.337  134.294  35.970
111.869  134.359  34.794
113.423  134.425  33.610
114.998  134.490  32.417
116.596  134.554  31.215
118.215  134.618  30.004
119.857  134.683  28.784
121.521  134.748  27.556
123.209  134.812  26.318
124.920  134.874  25.070
126.655  134.924  23.814
128.414  134.964  22.549
130.198  135.000  21.275
132.006  135.033  19.992
133.839  135.064  18.698
135.698  135.090  17.397
137.583  135.115  16.087
139.494  135.138  14.766
141.431  135.164  13.437
143.395  135.198  12.099
145.387  135.235  10.752
147.406  135.269  9.396
149.453  135.304  8.033
151.529  135.341  6.659
153.633  135.379  5.278
155.767  135.415  3.889
157.930  135.449  2.492
160.124  135.479  1.086
162.348  135.505  -0.326
164.602  135.529  -1.746
166.889  135.552  -3.172
169.206  135.575  -4.605
171.556  135.598  -6.044
173.939  135.619  -7.489
176.355  135.637  -8.939
178.804  135.650  -10.394
181.287  135.658  -11.853
183.805  135.662  -13.315
186.358  135.664  -14.780
188.946  135.659  -16.246
191.570  135.649  -17.714
194.231  135.633  -19.184
196.929  135.614  -20.650
199.664  135.592  -22.117
202.437  135.567  -23.580
205.248  135.537  -25.039
208.099  135.505  -26.493
210.989  135.469  -27.940
213.919  135.429  -29.378
216.890  135.386  -30.807
219.903  135.340  -32.224
222.957  135.289  -33.628
226.053  135.238  -35.017
229.193  135.183  -36.387
232.376  135.126  -37.739
235.603  135.065  -39.069
238.875  134.997  -40.375
242.193  134.924  -41.654
245.557  134.849  -42.904
248.967  134.771  -44.123
252.425  134.688  -45.307
255.931  134.601  -46.458
259.485  134.512  -47.567
263.089  134.424  -48.637
266.743  134.341  -49.663
270.447  134.266  -50.645
274.204  134.196  -51.581
278.012  134.128  -52.472
281.873  134.067  -53.316
285.788  134.016  -54.113
289.757  133.973  -54.869
293.781  133.938  -55.582
297.861  133.910  -56.255
301.998  133.890  -56.898
306.192  133.880  -57.511
310.445  133.881  -58.106
314.757  133.894  -58.684
319.128  133.914  -59.262
323.560  133.946  -59.847
328.054  133.992  -60.449
332.610  134.051  -61.076
337.230  134.123  -61.746
341.913  134.208  -62.461
346.662  134.306  -63.238
351.477  134.415  -64.085
356.358  134.535  -65.009
361.307  134.664  -66.018
366.325  134.802  -67.118
371.413  134.946  -68.314
376.571  135.094  -69.612
381.801  135.245  -71.013
387.104  135.398  -72.516
392.480  135.552  -74.125
397.931  135.706  -75.837
403.458  135.860  -77.651
409.061  136.013  -79.563
414.742  136.161  -81.573
420.503  136.304  -83.674
426.343  136.442  -85.865
432.264  136.574  -88.137
438.267  136.698  -90.490
444.354  136.814  -92.915
450.526  136.923  -95.408
456.783  137.024  -97.962
463.127  137.115  -100.571
469.559  137.197  -103.229
476.080  137.265  -105.931
482.692  137.321  -108.667
489.396  137.366  -111.433
496.193  137.401  -114.222
503.085  137.426  -117.027
510.072  137.441  -119.840
517.156  137.447  -122.658
524.338  137.445  -125.471
531.621  137.438  -128.275
539.004  137.430  -131.066
546.490  137.417  -133.838
554.080  137.401  -136.591
561.775  137.384  -139.318
569.577  137.368  -142.024
577.488  137.353  -144.709
585.508  137.341  -147.375
593.640  137.333  -150.032
601.885  137.333  -152.683
610.244  137.340  -155.341
618.719  137.356  -158.019
627.313  137.379  -160.732
636.025  137.414  -163.486
644.858  137.459  -166.306
653.814  137.513  -169.197
662.895  137.573  -172.179
672.101  137.636  -175.261
681.436  137.700  -178.451
690.900  137.765  178.242
700.496  137.830  174.815
710.224  137.891  171.266
720.088  137.941  167.594
730.089  137.985  163.804
740.229  138.020  159.902
750.510  138.046  155.894
760.933  138.066  151.788
771.501  138.074  147.594
782.216  138.070  143.319
793.080  138.055  138.974
804.095  138.025  134.565
815.262  137.984  130.094
826.585  137.933  125.569
838.065  137.872  120.987
849.705  137.802  116.350
861.506  137.723  111.646
873.471  137.638  106.861
885.602  137.546  101.989
897.901  137.450  97.006
910.372  137.348  91.897
923.016  137.235  86.640
935.835  137.106  81.221
948.832  136.958  75.623
962.010  136.787  69.837
975.371  136.582  63.851
988.917  136.338  57.682
1002.652  136.044  51.327
1016.577  135.692  44.812
1030.696  135.270  38.175
1045.010  134.767  31.471
1059.524  134.169  24.753
1074.239  133.459  18.135
1089.159  132.622  11.757
1104.285  131.641  5.823
1119.622  130.498  0.653
1135.172  129.183  -3.256
1150.938  127.713  -5.187
1166.923  126.182  -4.124
1183.129  124.841  0.874
1199.561  124.115  9.224
1216.221  124.286  17.725
1233.113  125.121  22.901
1250.239  126.179  23.868
1267.603  127.177  21.477
1285.208  127.999  16.784
1303.057  128.615  10.575
1321.155  129.030  3.401
1339.504  129.250  -4.376
1358.107  129.285  -12.492
1376.969  129.148  -20.748
1396.093  128.845  -28.984
1415.483  128.380  -37.050
1435.142  127.755  -44.813
1455.074  126.967  -52.112
1475.282  126.006  -58.754
1495.772  124.856  -64.445
1516.546  123.496  -68.711
1537.608  121.921  -70.676
1558.963  120.192  -68.880
1580.615  118.632  -61.373
1602.567  117.978  -48.331
1624.824  118.749  -35.675
1647.391  120.378  -29.136
1670.270  122.108  -28.652
1693.468  123.621  -32.164
1716.988  124.846  -38.033
1740.834  125.789  -45.217
1765.011  126.478  -53.033
1789.525  126.945  -60.958
1814.378  127.234  -68.605
1839.577  127.399  -75.642
1865.126  127.508  -81.871
1891.030  127.644  -87.295
1917.293  127.884  -92.179
1943.922  128.267  -97.052
1970.920  128.779  -102.449
1998.293  129.372  -108.785
2026.046  129.977  -116.181
2054.185  130.533  -124.543
2082.714  130.996  -133.634
2111.640  131.348  -143.167
2140.967  131.590  -152.823
2170.702  131.734  -162.319
2200.850  131.811  -171.415
2231.416  131.873  179.992
2262.407  131.975  171.810
2293.829  132.157  163.735
2325.686  132.424  155.345
2357.986  132.733  146.291
2390.735  133.019  136.464
2423.939  133.221  126.025
2457.604  133.316  115.328
2491.736  133.311  104.807
2526.342  133.250  94.812
2561.429  133.209  85.410
2597.004  133.272  76.255
2633.072  133.457  66.704
2669.641  133.705  56.196
2706.719  133.918  44.575
2744.311  134.006  32.126
2782.425  133.922  19.413
2821.069  133.676  7.095
2860.249  133.336  -4.273
2899.973  133.010  -14.459
2940.250  132.810  -23.752
2981.085  132.797  -32.869
3022.488  132.943  -42.524
3064.466  133.176  -53.058
3107.026  133.435  -64.454
3150.178  133.689  -76.564
3193.929  133.927  -89.291
3238.288  134.146  -102.640
3283.263  134.336  -116.661
3328.862  134.468  -131.352
3375.095  134.506  -146.591
3421.970  134.431  -162.120
3469.496  134.259  -177.632
3517.682  134.034  167.065
3566.537  133.800  151.858
3616.071  133.561  136.380
3666.292  133.273  120.386
3717.212  132.862  104.143
3768.838  132.327  88.387
3821.181  131.783  73.728
3874.252  131.387  59.793
3928.059  131.159  45.307
3982.614  130.929  29.661
4037.926  130.552  13.867
4094.007  130.145  -0.483
4150.866  130.069  -13.679
4208.515  130.438  -28.738
4266.965  130.845  -47.729
4326.227  130.852  -69.555
4386.311  130.319  -91.534
4447.230  129.430  -110.970
4508.996  128.678  -126.856
4571.619  128.514  -141.629
4635.111  128.852  -158.792
4699.486  129.344  -179.391
4764.755  129.785  156.938
4830.930  130.055  130.541
4898.024  130.029  101.983
4966.050  129.635  72.417
5035.021  128.942  43.260
5104.949  128.198  15.147
5175.849  127.639  -13.027
5247.734  127.197  -42.911
5320.617  126.632  -74.324
5394.512  125.918  -105.497
5469.434  125.333  -135.647
5545.396  125.047  -166.592
5622.413  124.764  160.071
5700.499  124.094  125.685
5779.670  122.973  93.188
5859.941  121.733  64.763
5941.327  120.898  39.195
6023.843  120.381  11.807
6107.505  119.157  -17.541
6192.328  116.806  -36.974
6278.330  117.012  -41.275
6365.527  119.390  -64.947
6453.934  119.929  -99.501
6543.569  119.098  -128.974
6634.449  118.450  -152.654
6726.592  118.159  -174.078
6820.014  119.041  162.613
6914.733  119.532  125.202
7010.768  116.948  85.698
7108.137  112.851  74.182
7206.858  112.121  64.416
7306.950  109.488  85.224
7408.433  118.828  83.131
7511.324  124.225  35.220
7615.645  126.348  -20.857
7721.415  125.189  -73.706
7828.653  123.091  -96.724
7937.381  126.392  -128.104
8047.619  127.148  173.444
8159.388  124.160  121.736
8272.710  121.301  92.029
8387.605  119.372  59.356
8504.096  117.431  42.237
8622.204  118.808  15.646
8741.954  119.078  -22.569
8863.366  118.798  -62.554
8986.464  117.687  -101.885
9111.273  117.182  -136.964
9237.814  117.139  176.782
9366.113  114.978  123.992
9496.194  111.351  77.546
9628.082  104.176  33.207
9761.801  105.114  71.364
9897.377  109.516  -1.182
10034.837  107.719  -89.057
10174.205  105.528  163.284
10315.509  106.702  54.686
10458.776  107.760  -28.965
10604.032  105.753  -103.558
10751.306  100.692  -123.093
10900.625  104.860  -161.982
11052.018  105.083  149.306
11205.513  105.918  87.135
11361.141  101.214  20.420
11518.929  98.098  -1.613
11678.910  95.854  -80.976
11841.112  87.902  88.029
12005.567  98.203  -22.123
12172.305  98.158  -103.044
12341.360  99.476  -131.550
12512.763  102.146  146.424
12686.546  99.049  67.423
12862.742  98.149  -23.619
13041.386  98.572  -172.252
13222.511  99.741  59.492
13406.151  96.275  -38.002
13592.342  92.147  -88.000
13781.119  90.146  -87.075
13972.517  98.376  -167.762
14166.574  96.632  107.246
14363.326  93.816  54.338
14562.810  95.767  -9.439
14765.065  91.655  -95.512
14970.129  91.305  -160.574
15178.042  90.430  112.097
15388.841  92.309  -0.116
15602.569  90.851  -104.713
15819.264  85.323  144.621
16038.969  90.832  90.198
16261.726  91.636  -33.358
16487.576  94.230  -138.954
16716.564  91.821  112.001
16948.731  93.554  75.490
17184.123  100.827  -5.477
17422.784  102.373  -119.179
17664.759  96.897  107.565
17910.096  94.224  144.986
18158.839  98.351  36.882
18411.038  88.626  -113.972
18666.739  89.499  -54.624
18925.991  98.027  -83.370
19188.844  102.759  152.762
19455.348  101.320  50.385
19725.552  100.773  -48.616
19999.510  93.157  -178.391
