* KOAN 2951 2-way demo — midrange on axis, NF/FF merged (M-3), mic 1 m
* mid  NF/FF merge made by Crossover Studio (nf-merge/1.0)
* basis: mid_near.txt (near field) + mid_hor_0.txt (gated far field)
* status: MODEL-validated  below the splice this is a near field plus a step MODEL, not a measurement at distance
* Merge = NF/FF
* Valid from = 60 Hz
* Valid to = 20000 Hz
* Merge NF source = mid_near.txt
* Merge FF source = mid_hor_0.txt
* Merge FF window = reference 2.5 ms, right 5.021 ms, Tukey 0.25
* Merge splice band = 500-800 Hz
* Merge splice fit = gain -13.68 dB, delay 0.6307 ms, offset 54.8 deg, phase residual 2.5 deg rms
* Merge step model = shelf 6 dB @ 440 Hz, first order (baffleStepShelfDb), minimum phase; cabinet derivation 442.3 Hz; MODEL SENSITIVITY: a second-order shelf differs by up to 0.90 dB below the splice, and a real diffraction model by more  the published formulas disagree by about 3x
* Merge port model = none (no port measurement was given)
* Merge prediction = none (no break-in or other model prediction applied)
* Merge floor reason = STATED, carried unchanged from Koan_M_merged.frd (M-1) because M-3 re-merges the SAME two files and changes only the step model s phase: "sealed pod f_c 88.8 Hz: at 60 Hz the near field reads -7.0 dB below its passband on the second-order slope (-2.1 dB at f_c) and its 1/12-octave raggedness rises from 0.12 dB above 120 Hz to 0.15 at 60 Hz and 0.42 at 30 Hz - where the near field stops carrying; NF Keele limit 1078 Hz, FF gate floor 396.7 Hz". For the record, this app s own derivation for a sealed enclosure would answer 20.5 Hz  the cone is the whole radiator, so it reads the merge as honest as far as the near field reaches; the stated floor is the narrower claim and is kept.
* Merge status = MODEL-validated merge made by Crossover Studio on 2026-09-16; the fitted delay is 0.6307 ms; the two halves state DIFFERENT reference times (near 6.313 ms, far 2.5 ms, a 3.813 ms difference), so the time origins do not close and the fitted delay carries that difference. It is not an acoustic-centre distance.
* source: mid_hor_0_merged.frd (casus 1 / casus 1b, 13640 pts, 20.51–20000 Hz), resampled to a 500-pt log grid 20.5–20000 Hz (dB + unwrapped phase in log-f, then re-wrapped) by scripts/build-demo2way.ts
Freq[Hz]     dBSPL  Phase[Deg]
20.508  107.428  -46.399
20.793  107.717  -46.943
21.081  108.007  -47.487
21.374  108.296  -48.031
21.671  108.585  -48.575
21.972  108.874  -49.119
22.277  109.040  -50.855
22.587  109.206  -52.594
22.900  109.372  -54.333
23.218  109.538  -56.072
23.541  109.741  -57.819
23.868  110.025  -59.580
24.199  110.308  -61.342
24.535  110.592  -63.104
24.876  110.875  -64.865
25.222  111.039  -66.120
25.572  111.193  -67.333
25.927  111.346  -68.546
26.287  111.500  -69.758
26.652  111.754  -71.384
27.022  112.036  -73.126
27.398  112.318  -74.868
27.778  112.599  -76.610
28.164  112.837  -77.741
28.555  113.068  -78.773
28.952  113.299  -79.804
29.354  113.538  -80.881
29.761  113.831  -82.241
30.175  114.125  -83.601
30.594  114.418  -84.962
31.019  114.570  -86.582
31.450  114.631  -88.375
31.886  114.691  -90.167
32.329  114.807  -91.807
32.778  115.106  -92.941
33.233  115.406  -94.074
33.695  115.705  -95.209
34.163  115.936  -96.438
34.637  116.167  -97.668
35.119  116.398  -98.898
35.606  116.640  -100.074
36.101  116.882  -101.246
36.602  117.125  -102.418
37.111  117.401  -104.041
37.626  117.679  -105.682
38.148  117.953  -107.270
38.678  118.199  -108.470
39.215  118.445  -109.669
39.760  118.677  -110.917
40.312  118.887  -112.243
40.872  119.097  -113.569
41.440  119.317  -114.794
42.015  119.540  -115.983
42.599  119.770  -117.236
43.191  120.029  -118.739
43.790  120.288  -120.242
44.399  120.548  -121.701
45.015  120.810  -123.145
45.640  121.055  -124.679
46.274  121.273  -126.369
46.917  121.492  -128.023
47.569  121.716  -129.154
48.229  121.941  -130.285
48.899  122.183  -131.725
49.578  122.430  -133.226
50.267  122.697  -134.752
50.965  122.974  -136.291
51.673  123.225  -137.827
52.390  123.456  -139.362
53.118  123.660  -140.803
53.856  123.842  -142.161
54.604  124.053  -143.551
55.362  124.287  -144.969
56.131  124.551  -146.495
56.911  124.834  -148.092
57.701  125.108  -149.799
58.502  125.377  -151.549
59.315  125.626  -154.390
60.139  125.845  -157.247
60.974  125.815  -158.939
61.821  125.826  -160.349
62.679  125.912  -161.237
63.550  126.065  -162.029
64.432  126.256  -162.770
65.327  126.496  -163.991
66.235  126.734  -165.274
67.154  126.963  -166.653
68.087  127.218  -167.999
69.033  127.467  -169.376
69.991  127.661  -170.928
70.964  127.886  -172.797
71.949  128.120  -174.722
72.948  128.325  -176.157
73.962  128.525  -177.647
74.989  128.721  -179.260
76.030  128.914  178.858
77.086  129.103  177.227
78.157  129.290  175.684
79.242  129.473  174.123
80.343  129.647  172.093
81.459  129.856  170.317
82.590  130.043  168.541
83.737  130.204  166.656
84.900  130.384  164.607
86.079  130.542  162.794
87.275  130.671  161.169
88.487  130.822  159.613
89.716  131.009  157.930
90.962  131.193  155.968
92.225  131.347  154.173
93.506  131.462  152.070
94.805  131.567  150.012
96.121  131.672  148.192
97.456  131.776  146.434
98.810  131.889  144.832
100.182  132.028  143.165
101.573  132.191  141.154
102.984  132.327  139.200
104.414  132.406  137.267
105.865  132.496  135.407
107.335  132.598  133.856
108.826  132.717  132.103
110.337  132.818  130.106
111.869  132.924  128.432
113.423  133.051  126.571
114.998  133.145  124.198
116.596  133.115  122.330
118.215  133.174  121.141
119.857  133.316  119.535
121.521  133.411  117.414
123.209  133.501  115.603
124.920  133.631  113.582
126.655  133.652  111.051
128.414  133.609  108.798
130.198  133.552  106.715
132.006  133.407  105.321
133.839  133.336  104.212
135.698  133.303  103.499
137.583  133.387  102.890
139.494  133.515  101.312
141.431  133.570  99.118
143.395  133.557  97.341
145.387  133.500  95.784
147.406  133.486  95.031
149.453  133.559  93.979
151.529  133.639  92.611
153.633  133.727  91.322
155.767  133.784  89.939
157.930  133.867  88.556
160.124  133.963  86.889
162.348  134.023  85.129
164.602  134.051  83.402
166.889  134.089  81.879
169.206  134.118  80.117
171.556  134.133  78.562
173.939  134.186  76.821
176.355  134.084  75.184
178.804  134.064  74.381
181.287  134.126  73.072
183.805  134.153  71.685
186.358  134.180  70.630
188.946  134.226  69.159
191.570  134.245  67.965
194.231  134.307  66.915
196.929  134.398  65.568
199.664  134.495  63.744
202.437  134.372  61.393
205.248  134.352  60.784
208.099  134.409  59.531
210.989  134.457  58.139
213.919  134.486  56.683
216.890  134.503  55.159
219.903  134.543  53.897
222.957  134.604  52.367
226.053  134.638  50.515
229.193  134.612  48.330
232.376  134.457  47.071
235.603  134.415  46.446
238.875  134.485  45.546
242.193  134.541  44.260
245.557  134.579  43.099
248.967  134.630  41.698
252.425  134.703  40.206
255.931  134.778  38.529
259.485  134.765  36.273
263.089  134.767  35.076
266.743  134.736  31.893
270.447  134.475  31.887
274.204  134.620  30.843
278.012  134.636  29.417
281.873  134.684  27.612
285.788  134.648  26.067
289.757  134.703  24.688
293.781  134.569  22.996
297.861  134.604  22.758
301.998  134.749  21.633
306.192  134.834  19.476
310.445  134.907  17.927
314.757  134.841  14.891
319.128  134.685  12.783
323.560  134.556  13.487
328.054  134.572  11.785
332.610  134.705  11.625
337.230  134.860  9.732
341.913  134.889  7.485
346.662  134.864  6.150
351.477  134.906  4.334
356.358  134.899  2.367
361.307  134.816  1.643
366.325  134.861  -0.433
371.413  134.797  -1.684
376.571  134.963  -2.430
381.801  135.055  -4.879
387.104  135.027  -6.445
392.480  134.972  -8.489
397.931  135.100  -10.189
403.458  134.962  -11.892
409.061  134.933  -12.788
414.742  135.213  -14.608
420.503  135.068  -16.298
426.343  135.140  -17.536
432.264  135.614  -21.461
438.267  134.973  -24.262
444.354  134.947  -23.013
450.526  135.413  -27.077
456.783  135.055  -27.951
463.127  134.945  -30.443
469.559  135.193  -30.337
476.080  135.284  -34.518
482.692  134.965  -35.168
489.396  135.238  -36.885
496.193  135.019  -38.760
503.085  135.271  -39.701
510.072  135.449  -43.726
517.156  135.354  -47.237
524.338  135.228  -49.182
531.621  134.810  -50.469
539.004  134.884  -51.012
546.490  135.049  -52.218
554.080  135.219  -54.225
561.775  135.320  -56.801
569.577  135.298  -59.823
577.488  135.291  -63.238
585.508  135.127  -64.479
593.640  135.270  -65.151
601.885  135.485  -69.465
610.244  135.304  -71.163
618.719  135.463  -73.864
627.313  135.444  -75.365
636.025  135.393  -77.375
644.858  135.616  -79.979
653.814  135.606  -83.485
662.895  135.498  -86.200
672.101  135.518  -88.863
681.436  135.395  -90.883
690.900  135.405  -93.084
700.496  135.347  -95.583
710.224  135.256  -98.064
720.088  135.159  -100.173
730.089  135.043  -101.948
740.229  134.992  -103.841
750.510  134.889  -105.619
760.933  134.806  -107.430
771.501  134.701  -108.895
782.216  134.628  -110.227
793.080  134.587  -111.395
804.095  134.580  -112.526
815.262  134.611  -113.648
826.585  134.679  -114.814
838.065  134.783  -116.082
849.705  134.919  -117.510
861.506  135.083  -119.147
873.471  135.267  -121.032
885.602  135.465  -123.190
897.901  135.670  -125.631
910.372  135.877  -128.359
923.016  136.071  -131.360
935.835  136.247  -134.617
948.832  136.401  -138.101
962.010  136.525  -141.781
975.371  136.615  -145.619
988.917  136.667  -149.572
1002.652  136.679  -153.597
1016.577  136.648  -157.641
1030.696  136.574  -161.648
1045.010  136.459  -165.561
1059.524  136.305  -169.315
1074.239  136.115  -172.846
1089.159  135.900  -176.091
1104.285  135.673  -178.999
1119.622  135.448  178.464
1135.172  135.244  176.295
1150.938  135.081  174.448
1166.923  134.976  172.819
1183.129  134.942  171.263
1199.561  134.978  169.606
1216.221  135.078  167.685
1233.113  135.220  165.374
1250.239  135.383  162.606
1267.603  135.539  159.376
1285.208  135.665  155.734
1303.057  135.747  151.769
1321.155  135.773  147.605
1339.504  135.733  143.386
1358.107  135.630  139.269
1376.969  135.472  135.413
1396.093  135.279  131.965
1415.483  135.081  129.027
1435.142  134.914  126.617
1455.074  134.817  124.634
1475.282  134.822  122.844
1495.772  134.935  120.929
1516.546  135.142  118.580
1537.608  135.407  115.584
1558.963  135.686  111.874
1580.615  135.940  107.513
1602.567  136.141  102.652
1624.824  136.273  97.491
1647.391  136.334  92.242
1670.270  136.336  87.096
1693.468  136.301  82.184
1716.988  136.262  77.551
1740.834  136.246  73.123
1765.011  136.274  68.722
1789.525  136.345  64.119
1814.378  136.439  59.122
1839.577  136.521  53.643
1865.126  136.556  47.735
1891.030  136.516  41.574
1917.293  136.393  35.416
1943.922  136.190  29.549
1970.920  135.939  24.217
1998.293  135.693  19.526
2026.046  135.511  15.359
2054.185  135.428  11.368
2082.714  135.441  7.124
2111.640  135.505  2.321
2140.967  135.568  -3.081
2170.702  135.578  -8.880
2200.850  135.518  -14.752
2231.416  135.408  -20.395
2262.407  135.294  -25.677
2293.829  135.221  -30.717
2325.686  135.207  -35.810
2357.986  135.225  -41.233
2390.735  135.226  -47.036
2423.939  135.176  -53.017
2457.604  135.089  -58.873
2491.736  135.014  -64.456
2526.342  134.999  -69.973
2561.429  135.046  -75.924
2597.004  135.099  -82.726
2633.072  135.049  -90.324
2669.641  134.814  -98.099
2706.719  134.389  -105.031
2744.311  133.908  -110.153
2782.425  133.626  -113.428
2821.069  133.740  -116.471
2860.249  134.152  -121.398
2899.973  134.559  -128.865
2940.250  134.721  -137.956
2981.085  134.572  -147.128
3022.488  134.212  -154.984
3064.466  133.876  -161.042
3107.026  133.771  -166.319
3150.178  133.861  -172.484
3193.929  133.920  179.941
3238.288  133.779  171.937
3283.263  133.479  164.993
3328.862  133.254  159.788
3375.095  133.334  155.228
3421.970  133.686  149.372
3469.496  134.080  141.462
3517.682  134.328  132.137
3566.537  134.376  122.397
3616.071  134.265  112.961
3666.292  134.082  104.200
3717.212  133.919  96.181
3768.838  133.873  88.491
3821.181  133.949  80.274
3874.252  134.001  71.074
3928.059  133.879  61.640
3982.614  133.639  53.493
4037.926  133.591  47.073
4094.007  133.940  40.269
4150.866  134.432  30.869
4208.515  134.671  19.501
4266.965  134.560  8.532
4326.227  134.360  -0.412
4386.311  134.405  -8.179
4447.230  134.678  -16.780
4508.996  134.951  -26.545
4571.619  135.161  -36.523
4635.111  135.417  -46.390
4699.486  135.761  -56.713
4764.755  136.124  -67.870
4830.930  136.439  -79.588
4898.024  136.719  -91.486
4966.050  136.997  -103.588
5035.021  137.234  -115.975
5104.949  137.407  -128.019
5175.849  137.696  -139.167
5247.734  138.287  -150.827
5320.617  138.990  -164.679
5394.512  139.564  -179.794
5469.434  140.169  164.905
5545.396  140.928  147.677
5622.413  141.484  127.282
5700.499  141.518  105.871
5779.670  141.205  86.155
5859.941  140.943  67.880
5941.327  140.740  48.951
6023.843  140.350  29.330
6107.505  139.733  10.472
6192.328  139.087  -6.834
6278.330  138.630  -23.862
6365.527  138.124  -42.699
6453.934  137.120  -61.148
6543.569  136.074  -74.953
6634.449  135.758  -88.337
6726.592  135.370  -105.486
6820.014  134.560  -121.212
6914.733  134.033  -135.085
7010.768  133.561  -150.271
7108.137  133.005  -163.790
7206.858  132.899  -176.931
7306.950  132.839  167.632
7408.433  132.693  152.590
7511.324  132.722  137.058
7615.645  132.667  121.082
7721.415  132.771  105.967
7828.653  133.012  89.854
7937.381  133.396  74.014
8047.619  134.038  56.152
8159.388  134.649  37.699
8272.710  135.626  16.493
8387.605  135.979  -8.057
8504.096  136.359  -28.629
8622.204  137.229  -54.371
8741.954  137.184  -81.933
8863.366  137.246  -106.188
8986.464  137.471  -133.275
9111.273  137.403  -162.050
9237.814  136.908  168.395
9366.113  136.147  140.635
9496.194  135.367  113.068
9628.082  134.480  85.894
9761.801  133.405  57.944
9897.377  131.817  30.693
10034.837  129.694  8.668
10174.205  128.247  -8.532
10315.509  126.777  -21.702
10458.776  126.862  -33.846
10604.032  127.502  -46.157
10751.306  129.116  -68.286
10900.625  130.227  -94.774
11052.018  130.914  -124.586
11205.513  131.428  -156.775
11361.141  131.213  170.302
11518.929  130.688  131.643
11678.910  126.393  104.897
11841.112  127.262  100.612
12005.567  127.654  82.819
12172.305  131.047  54.966
12341.360  132.300  7.351
12512.763  130.141  -42.826
12686.546  126.257  -57.233
12862.742  128.036  -82.401
13041.386  126.120  -112.627
13222.511  126.055  -133.134
13406.151  126.091  -154.144
13592.342  127.139  179.636
13781.119  127.553  152.464
13972.517  128.069  128.767
14166.574  131.215  102.049
14363.326  133.620  56.407
14562.810  132.926  5.934
14765.065  132.845  -21.998
14970.129  134.384  -65.341
15178.042  133.603  -108.737
15388.841  133.783  -147.910
15602.569  133.353  170.149
15819.264  133.394  132.488
16038.969  133.221  92.328
16261.726  133.150  47.904
16487.576  132.236  9.459
16716.564  133.015  -29.394
16948.731  132.864  -76.298
17184.123  132.171  -116.778
17422.784  133.215  -153.734
17664.759  135.135  148.642
17910.096  133.624  88.507
18158.839  131.047  32.532
18411.038  129.521  -4.153
18666.739  128.036  -60.778
18925.991  123.959  -111.577
19188.844  111.564  -113.276
19455.348  125.762  -84.227
19725.552  133.296  -163.904
19999.510  132.014  111.339
